-------------------------------------------------
User:   
Test0:          	 0   of 20 
Test1:          	 0   of 20 
Test2:                   0   of 20 
Test3:                   0   of 20 
Test4:                   0   of 20 
--------------------------------------------------
Total:                   0   of 100
-------------------------------------------------
User:   
Test0:          	 0   of 20 
Test1:          	 0   of 20 
Test2:                   0   of 20 
Test3:                   0   of 20 
Test4:                   0   of 20 
--------------------------------------------------
Total:                   0   of 100
-------------------------------------------------
User:   
Test0:          	 20  of 20 
Test1:          	 20  of 20 
Test2:                   0   of 20 
Test3:                   20  of 20 
Test4:                   0   of 20 
--------------------------------------------------
Total:                   60  of 100
-------------------------------------------------
User:   
Test0:          	 20  of 20 
Test1:          	 20  of 20 
Test2:                   20  of 20 
Test3:                   20  of 20 
Test4:                   20  of 20 
--------------------------------------------------
Total:                   100 of 100
-------------------------------------------------
User:   
Test0:          	 0   of 20 
Test1:          	 0   of 20 
Test2:                   0   of 20 
Test3:                   0   of 20 
Test4:                   0   of 20 
--------------------------------------------------
Total:                   0   of 100
-------------------------------------------------
User:   
Test0:          	 0   of 20 
Test1:          	 0   of 20 
Test2:                   0   of 20 
Test3:                   0   of 20 
Test4:                   0   of 20 
--------------------------------------------------
Total:                   0   of 100
-------------------------------------------------
User:   
Test0:          	 0   of 20 
Test1:          	 0   of 20 
Test2:                   0   of 20 
Test3:                   0   of 20 
Test4:                   0   of 20 
--------------------------------------------------
Total:                   0   of 100
-------------------------------------------------
User:   
Test0:          	 0   of 20 
Test1:          	 0   of 20 
Test2:                   0   of 20 
Test3:                   0   of 20 
Test4:                   0   of 20 
--------------------------------------------------
Total:                   0   of 100
-------------------------------------------------
User:   
Test0:          	 20  of 20 
Test1:          	 0   of 20 
Test2:                   0   of 20 
Test3:                   0   of 20 
Test4:                   0   of 20 
--------------------------------------------------
Total:                   20  of 100
-------------------------------------------------
User:   
Test0:          	 20  of 20 
Test1:          	 0   of 20 
Test2:                   0   of 20 
Test3:                   0   of 20 
Test4:                   0   of 20 
--------------------------------------------------
Total:                   20  of 100
-------------------------------------------------
User:   
Test0:          	 20  of 20 
Test1:          	 0   of 20 
Test2:                   0   of 20 
Test3:                   0   of 20 
Test4:                   0   of 20 
--------------------------------------------------
Total:                   20  of 100
-------------------------------------------------
User:   
Test0:          	 20  of 20 
Test1:          	 0   of 20 
Test2:                   0   of 20 
Test3:                   0   of 20 
Test4:                   0   of 20 
--------------------------------------------------
Total:                   20  of 100
-------------------------------------------------
User:   
Test0:          	 20  of 20 
Test1:          	 0   of 20 
Test2:                   0   of 20 
Test3:                   0   of 20 
Test4:                   0   of 20 
--------------------------------------------------
Total:                   20  of 100
-------------------------------------------------
User:   
Test0:          	 20  of 20 
Test1:          	 0   of 20 
Test2:                   0   of 20 
Test3:                   0   of 20 
Test4:                   0   of 20 
--------------------------------------------------
Total:                   20  of 100
-------------------------------------------------
User:   
Test0:          	 20  of 20 
Test1:          	 0   of 20 
Test2:                   0   of 20 
Test3:                   0   of 20 
Test4:                   0   of 20 
--------------------------------------------------
Total:                   20  of 100
-------------------------------------------------
User:   
Test0:          	 20  of 20 
Test1:          	 20  of 20 
Test2:                   0   of 20 
Test3:                   0   of 20 
Test4:                   0   of 20 
--------------------------------------------------
Total:                   40  of 100
-------------------------------------------------
User:   
Test0:          	 20  of 20 
Test1:          	 20  of 20 
Test2:                   20  of 20 
Test3:                   20  of 20 
Test4:                   20  of 20 
--------------------------------------------------
Total:                   100 of 100
-------------------------------------------------
User:   
Test0:          	 20  of 20 
Test1:          	 20  of 20 
Test2:                   20  of 20 
Test3:                   20  of 20 
Test4:                   20  of 20 
--------------------------------------------------
Total:                   100 of 100
