-------------------------------------------------
User:   
Test0:          	 20  of 20 
Test1:          	 20  of 20 
Test2:                   20  of 20 
Test3:                   20  of 20 
Test4:                   20  of 20 
--------------------------------------------------
Total:                   100 of 100
